  Activating project at `~/work/davidislip.github.io/davidislip.github.io`
  Installing known registries into `~/.julia`
       Added `General` registry to ~/.julia/registries
┌ Warning: The active manifest file has dependencies that were resolved with a different julia version (1.12.1). Unexpected behavior may occur.
└ @ ~/work/davidislip.github.io/davidislip.github.io/Manifest.toml:0
   Installed Sass ──────────────── v0.2.0
   Installed Franklin ──────────── v0.10.97
   Installed NodeJS ────────────── v2.0.0
   Installed DelimitedFiles ────── v1.9.1
   Installed LiveServer ────────── v1.5.0
   Installed URIs ──────────────── v1.6.1
   Installed CodecZlib ─────────── v0.7.8
   Installed ExprTools ─────────── v0.1.10
   Installed Literate ──────────── v2.20.1
   Installed ExceptionUnwrapping ─ v0.1.11
   Installed ConcurrentUtilities ─ v2.5.0
   Installed OrderedCollections ── v1.8.1
   Installed TranscodingStreams ── v0.11.3
   Installed PrecompileTools ───── v1.3.3
   Installed MIMEs ─────────────── v0.1.4
   Installed OpenSSL ───────────── v1.5.0
   Installed MbedTLS ───────────── v1.1.9
   Installed libsass_jll ───────── v3.6.6+0
   Installed StructUtils ───────── v2.5.1
   Installed JSON ──────────────── v1.2.0
   Installed FranklinTemplates ─── v0.10.3
   Installed LoggingExtras ─────── v1.2.0
   Installed BitFlags ──────────── v0.1.9
   Installed HTTP ──────────────── v1.10.19
   Installed IOCapture ─────────── v0.2.5
   Installed Parsers ───────────── v2.8.3
   Installed Preferences ───────── v1.5.0
   Installed SimpleBufferStream ── v1.2.0
   Installed JLLWrappers ───────── v1.7.1
   Installed MbedTLS_jll ───────── v2.28.10+0
   Installed DocStringExtensions ─ v0.9.5
  Installing 3 artifacts
   Installed artifact libsass    6.6 MiB
   Installed artifact MbedTLS    1.0 MiB
   Installed artifact nodejs_app 25.4 MiB
Precompiling packages...
   0.8 s  ✓ BitFlags
   0.9 s  ✓ DocStringExtensions
   0.9 s  ✓ OrderedCollections
   1.0 s  ✓ URIs
   1.2 s  ✓ ConcurrentUtilities
   0.6 s  ✓ ExprTools
   0.6 s  ✓ SimpleBufferStream
   0.5 s  ✓ IOCapture
   0.9 s  ✓ TranscodingStreams
   0.9 s  ✓ DelimitedFiles
   1.5 s  ✓ MIMEs
   1.0 s  ✓ LoggingExtras
   1.0 s  ✓ StructUtils
   1.0 s  ✓ Preferences
   0.9 s  ✓ ExceptionUnwrapping
   0.4 s  ✓ CodecZlib
   0.7 s  ✓ JLLWrappers
   1.2 s  ✓ NodeJS
   0.6 s  ✓ PrecompileTools
   1.0 s  ✓ libsass_jll
   1.2 s  ✓ MbedTLS_jll
   2.4 s  ✓ OpenSSL
   1.2 s  ✓ Sass
   1.3 s  ✓ MbedTLS
  10.7 s  ✓ Parsers
   3.9 s  ✓ JSON
   1.1 s  ✓ Literate
  15.3 s  ✓ HTTP
   0.7 s  ✓ LiveServer
   0.6 s  ✓ FranklinTemplates
  15.8 s  ✓ Franklin
  31 dependencies successfully precompiled in 38 seconds. 34 already precompiled.

added 1 package in 527ms
  Activating project at `~/work/davidislip.github.io/davidislip.github.io`
